// Jest Snapshot v1, https://goo.gl/fbAQLP

exports[`renders correctly 1`] = `
<div
  className="container"
>
  
  <div
    className="row"
  >
    <div
      className="col-md-6 signup-center card"
    >
      <h5
        className="p-2 card-title"
      >
        Sign Up
      </h5>
      <form
        className="p-3"
      >
        <div
          className="row form-group"
        >
          <label
            className="text-left col-sm-4 col-form-label"
            htmlFor="firstName"
          >
            First Name: 
          </label>
          <div
            className="col col-sm-8"
          >
            <input
              className="form-control"
              id="firstName"
              name="firstName"
              onChange={[Function]}
              placeholder=" ex. Joe "
              type="text"
              value=""
            />
          </div>
        </div>
        <div
          className="row form-group"
        >
          <label
            className="text-left col-sm-4 col-form-label"
            htmlFor="lastName"
          >
            Last Name: 
          </label>
          <div
            className="col col-sm-8"
          >
            <input
              className="form-control"
              id="lastName"
              name="lastName"
              onChange={[Function]}
              placeholder=" ex. Blow "
              type="text"
              value=""
            />
          </div>
        </div>
        <div
          className="row form-group"
        >
          <label
            className="text-left col-sm-4 col-form-label"
            htmlFor="streetNumber"
          >
            Street Number: 
          </label>
          <div
            className="col col-sm-8"
          >
            <input
              className="form-control"
              id="streetNumber"
              name="streetNumber"
              onChange={[Function]}
              placeholder=" ex. 100 "
              type="text"
              value=""
            />
          </div>
        </div>
        <div
          className="row form-group"
        >
          <label
            className="text-left col-sm-4 col-form-label"
            htmlFor="street"
          >
            Street: 
          </label>
          <div
            className="col col-sm-8"
          >
            <input
              className="form-control"
              id="street"
              name="street"
              onChange={[Function]}
              placeholder=" ex. Favour Street "
              type="text"
              value={undefined}
            />
          </div>
        </div>
        <div
          className="row form-group"
        >
          <label
            className="text-left col-sm-4 col-form-label"
            htmlFor="postalCode"
          >
            Postal Code/ZIP: 
          </label>
          <div
            className="col col-sm-8"
          >
            <input
              className="form-control"
              id="postalCode"
              name="postalCode"
              onChange={[Function]}
              placeholder=" ex. A1A 1A1 "
              type="text"
              value=""
            />
          </div>
        </div>
        <div
          className="row form-group"
        >
          <label
            className="text-left col-sm-4 col-form-label"
            htmlFor="country"
          >
            Country: 
          </label>
          <div
            className="col col-sm-8"
          >
            <input
              className="form-control"
              id="country"
              name="country"
              onChange={[Function]}
              placeholder=" ex. Canada "
              type="text"
              value=""
            />
          </div>
        </div>
        <div
          className="row form-group"
        >
          <label
            className="text-left col-sm-4 col-form-label"
            htmlFor="city"
          >
            City: 
          </label>
          <div
            className="col col-sm-8"
          >
            <input
              className="form-control"
              id="city"
              name="city"
              onChange={[Function]}
              placeholder=" ex. Winnipeg "
              type="text"
              value=""
            />
          </div>
        </div>
        <div
          className="row form-group"
        >
          <label
            className="text-left col-sm-4 col-form-label"
            htmlFor="state"
          >
            State/Province: 
          </label>
          <div
            className="col col-sm-8"
          >
            <input
              className="form-control"
              id="state"
              name="state"
              onChange={[Function]}
              placeholder=" ex. Manitoba "
              type="text"
              value=""
            />
          </div>
        </div>
        <div
          className="row form-group"
        >
          <label
            className="text-left col-sm-4 col-form-label"
            htmlFor="email"
          >
            Email: 
          </label>
          <div
            className="col col-sm-8"
          >
            <input
              className="form-control"
              id="email"
              name="email"
              onChange={[Function]}
              placeholder=" ex. favourtrader@gmail.com"
              type="email"
              value=""
            />
          </div>
        </div>
        <div
          className="row form-group"
        >
          <label
            className="text-left col-sm-4 col-form-label"
            htmlFor="confirmEmail"
          >
            Confirm Email: 
          </label>
          <div
            className="col col-sm-8"
          >
            <input
              className="form-control"
              id="confirmEmail"
              name="confirmEmail"
              placeholder=" ex. favourtrader@gmail.com"
              type="email"
            />
          </div>
        </div>
        <div
          className="row form-group"
        >
          <label
            className="text-left col-sm-4 col-form-label"
            htmlFor="password"
          >
            Password: 
          </label>
          <div
            className="col col-sm-8"
          >
            <input
              alue=""
              className="form-control"
              id="password"
              name="password"
              onChange={[Function]}
              placeholder=" ex. Password"
              type="password"
            />
          </div>
        </div>
        <div
          className="row form-group"
        >
          <label
            className="text-left col-sm-4 col-form-label"
            htmlFor="confirmPassword"
          >
            Confirm Password: 
          </label>
          <div
            className="col col-sm-8"
          >
            <input
              className="form-control"
              id="confirmPassword"
              name="confirmPassword"
              placeholder=" ex. Password"
              type="password"
            />
          </div>
        </div>
        <div
          className="form-group"
        >
          <label
            className=""
            htmlFor="exampleSelectMulti"
          >
            Skills You Have
          </label>
          <ul
            className="SkillList"
            id="exampleSelectMulti"
            multiple={true}
            name="selectMulti"
          />
        </div>
        <div
          className="form-group"
        >
          <label
            className=""
            htmlFor="exampleSelectMulti"
          >
            Skills You Want
          </label>
          <ul
            className="SkillList"
            id="exampleSelectMulti"
            multiple={true}
            name="selectMulti"
          />
        </div>
        <button
          className="btn btn-secondary"
          onClick={[Function]}
          type="button"
        >
          Submit
        </button>
        
      </form>
    </div>
  </div>
</div>
`;
