// Jest Snapshot v1, https://goo.gl/fbAQLP

exports[`renders correctly 1`] = `
<div
  className="NotFound-text"
>
  <h1>
    <p>
      Oops!
    </p>
  </h1>
  <div>
    <b>
      The page you're looking for does not exist :(
    </b>
  </div>
</div>
`;
