// Jest Snapshot v1, https://goo.gl/fbAQLP

exports[`Testing ProfileSkills component renders as expected 1`] = `
<View>
  <ButtonGroup
    buttons={
      Array [
        "Has",
        "Wants",
      ]
    }
    containerBorderRadius={3}
    containerStyle={
      Object {
        "height": 30,
      }
    }
    onPress={[Function]}
    selectMultiple={false}
    selectedBackgroundColor="pink"
    selectedIndex={0}
    selectedIndexes={Array []}
  />
  <View>
    <List />
  </View>
</View>
`;
